// Jest Snapshot v1, https://goo.gl/fbAQLP

exports[`TvShowCard should match the card component html 1`] = `
<article
  class="card"
>
  <div
    class="card-image"
  >
    <img
      src="https://dummyimage.com/210x295/1e1e1e/fff&text=No+image+available"
    />
  </div>
   
  <div
    class="card-heading"
  >
    <p
      class="name"
    >
      
    </p>
     
    <!---->
  </div>
</article>
`;
